IQ-TREE multicore version 2.4.0 for Linux x86 64-bit built Feb 12 2025
Developed by Bui Quang Minh, Nguyen Lam Tung, Olga Chernomor, Heiko Schmidt,
Dominik Schrempf, Michael Woodhams, Ly Trong Nhan, Thomas Wong

Host:    compute-b-16-175.o2.rc.hms.harvard.edu (AVX512, FMA3, 1006 GB RAM)
Command: iqtree -s /home/sak0914/MtbLongitudinalDiversity/lowAF_variant_calling/data/trees/SNP_concatenate_filtered.fasta -czb --abayes -m MFP+ASC
Seed:    353364 (Using SPRNG - Scalable Parallel Random Number Generator)
Time:    Thu Dec 11 08:18:48 2025
Kernel:  AVX+FMA - 1 threads (1 CPU cores detected)

Reading alignment file /home/sak0914/MtbLongitudinalDiversity/lowAF_variant_calling/data/trees/SNP_concatenate_filtered.fasta ... Fasta format detected
Reading fasta file: done in 0.10341 secs using 45.12% CPU
Alignment most likely contains DNA/RNA sequences
Alignment has 395 sequences with 14049 columns, 2912 distinct patterns
7591 parsimony-informative, 6458 singleton sites, 0 constant sites
         Gap/Ambiguity  Composition  p-value
Analyzing sequences: done in 0.00196561 secs using 99.31% CPU
   1  MFS-331    0.00%    passed     98.66%
   2  MFS-509    0.00%    passed     89.10%
   3  MFS-511    0.00%    passed     97.19%
   4  MFS-1      0.00%    passed     92.77%
   5  MFS-332    0.00%    passed     92.43%
   6  MFS-3      0.00%    passed     90.37%
   7  MFS-4      0.00%    passed     97.06%
   8  MFS-334    0.00%    passed     95.63%
   9  MFS-514    0.00%    passed     92.94%
  10  MFS-516    0.00%    passed     89.37%
  11  MFS-5      0.00%    passed     56.42%
  12  MFS-518    0.00%    passed     92.84%
  13  MFS-519    0.00%    passed     98.42%
  14  MFS-520    0.00%    failed      0.63%
  15  MFS-7      0.00%    passed     93.50%
  16  MFS-521    0.00%    passed     96.53%
  17  MFS-523    0.00%    passed     60.13%
  18  MFS-9      0.00%    passed     97.58%
  19  MFS-524    0.00%    passed     96.62%
  20  MFS-526    0.00%    passed     89.19%
  21  MFS-11     0.00%    passed     93.42%
  22  MFS-528    0.00%    passed     98.21%
  23  MFS-338    0.00%    passed     92.58%
  24  MFS-13     0.00%    passed     98.02%
  25  MFS-530    0.00%    passed     99.29%
  26  MFS-15     0.00%    passed     36.91%
  27  MFS-16     0.00%    passed     97.46%
  28  MFS-531    0.00%    passed     93.50%
  29  MFS-18     0.00%    passed     93.61%
  30  MFS-533    0.00%    passed     92.38%
  31  MFS-340    0.00%    passed     94.59%
  32  MFS-535    0.00%    passed     98.51%
  33  MFS-342    0.00%    passed     94.42%
  34  MFS-20     0.00%    passed     54.73%
  35  MFS-719    0.00%    passed     91.50%
  36  MFS-22     0.00%    passed     94.34%
  37  MFS-721    0.00%    passed     97.37%
  38  MFS-723    0.00%    passed     94.93%
  39  MFS-537    0.00%    passed     94.77%
  40  MFS-25     0.00%    passed     99.68%
  41  MFS-539    0.00%    passed     91.28%
  42  MFS-27     0.00%    passed     91.32%
  43  MFS-725    0.00%    passed     84.51%
  44  MFS-28     0.00%    passed     97.27%
  45  MFS-727    0.00%    passed     86.88%
  46  MFS-30     0.00%    passed     92.21%
  47  MFS-32     0.00%    passed     91.50%
  48  MFS-542    0.00%    passed     98.52%
  49  MFS-33     0.00%    passed     89.58%
  50  MFS-35     0.00%    passed     99.69%
  51  MFS-544    0.00%    passed     99.75%
  52  MFS-546    0.00%    passed     57.90%
  53  MFS-344    0.00%    passed     94.39%
  54  MFS-548    0.00%    passed     94.34%
  55  MFS-346    0.00%    passed     90.40%
  56  MFS-550    0.00%    passed     97.88%
  57  MFS-37     0.00%    passed     98.14%
  58  MFS-729    0.00%    passed     98.10%
  59  MFS-551    0.00%    passed     97.62%
  60  MFS-553    0.00%    passed     60.14%
  61  MFS-348    0.00%    passed     92.52%
  62  MFS-41     0.00%    passed     95.75%
  63  MFS-555    0.00%    passed     92.88%
  64  MFS-557    0.00%    passed     59.29%
  65  MFS-558    0.00%    passed     95.63%
  66  MFS-559    0.00%    passed     95.11%
  67  MFS-43     0.00%    passed     99.16%
  68  MFS-732    0.00%    passed     95.84%
  69  MFS-45     0.00%    passed     94.53%
  70  MFS-560    0.00%    passed     98.70%
  71  MFS-47     0.00%    passed     54.88%
  72  MFS-49     0.00%    passed     91.66%
  73  MFS-51     0.00%    passed     95.22%
  74  MFS-734    0.00%    passed     91.74%
  75  MFS-54     0.00%    passed     93.50%
  76  MFS-355    0.00%    passed     92.73%
  77  MFS-564    0.00%    passed     98.17%
  78  MFS-357    0.00%    passed     96.81%
  79  MFS-737    0.00%    passed     58.07%
  80  MFS-566    0.00%    passed     34.09%
  81  MFS-738    0.00%    passed     98.55%
  82  MFS-55     0.00%    passed     97.49%
  83  MFS-739    0.00%    passed     91.38%
  84  MFS-571    0.00%    passed     60.13%
  85  MFS-359    0.00%    passed     92.49%
  86  MFS-56     0.00%    passed     86.46%
  87  MFS-58     0.00%    passed     91.62%
  88  MFS-360    0.00%    passed     94.09%
  89  MFS-573    0.00%    passed     97.34%
  90  MFS-362    0.00%    passed     91.11%
  91  MFS-574    0.00%    passed     62.87%
  92  MFS-741    0.00%    passed     99.56%
  93  MFS-364    0.00%    passed     98.96%
  94  MFS-575    0.00%    passed     97.46%
  95  MFS-579    0.00%    passed     95.99%
  96  MFS-366    0.00%    passed     94.41%
  97  MFS-581    0.00%    passed     99.11%
  98  MFS-583    0.00%    passed     95.75%
  99  MFS-584    0.00%    passed     98.07%
 100  MFS-586    0.00%    passed     96.31%
 101  MFS-60     0.00%    passed     87.45%
 102  MFS-368    0.00%    passed     96.72%
 103  MFS-588    0.00%    passed     88.91%
 104  MFS-590    0.00%    passed     99.56%
 105  MFS-592    0.00%    passed     93.22%
 106  MFS-594    0.00%    passed     99.34%
 107  MFS-62     0.00%    passed     92.21%
 108  MFS-64     0.00%    passed     91.50%
 109  MFS-743    0.00%    passed     90.86%
 110  MFS-597    0.00%    passed     98.49%
 111  MFS-745    0.00%    passed     98.61%
 112  MFS-66     0.00%    passed     93.70%
 113  MFS-369    0.00%    passed     91.80%
 114  MFS-746    0.00%    passed     83.34%
 115  MFS-601    0.00%    passed     93.67%
 116  MFS-68     0.00%    passed     98.83%
 117  MFS-70     0.00%    passed     88.95%
 118  MFS-71     0.00%    passed     94.08%
 119  MFS-72     0.00%    passed     96.69%
 120  MFS-370    0.00%    passed     90.21%
 121  MFS-747    0.00%    passed     94.00%
 122  MFS-602    0.00%    passed     98.39%
 123  MFS-603    0.00%    passed     94.70%
 124  MFS-604    0.00%    passed     97.13%
 125  MFS-74     0.00%    passed     92.73%
 126  MFS-606    0.00%    passed     92.75%
 127  MFS-610    0.00%    passed     95.93%
 128  MFS-76     0.00%    passed     91.64%
 129  MFS-611    0.00%    passed     92.81%
 130  MFS-876    0.00%    passed     94.27%
 131  MFS-372    0.00%    passed     90.29%
 132  MFS-374    0.00%    passed     93.95%
 133  MFS-612    0.00%    passed     97.00%
 134  MFS-80     0.00%    passed     94.23%
 135  MFS-81     0.00%    passed     95.67%
 136  MFS-614    0.00%    passed     96.69%
 137  MFS-83     0.00%    passed     98.02%
 138  MFS-616    0.00%    passed     90.62%
 139  MFS-86     0.00%    passed     92.72%
 140  MFS-617    0.00%    passed     96.75%
 141  MFS-88     0.00%    passed     95.47%
 142  MFS-90     0.00%    passed     99.06%
 143  MFS-619    0.00%    passed     96.68%
 144  MFS-91     0.00%    passed     95.72%
 145  MFS-621    0.00%    passed     93.82%
 146  MFS-751    0.00%    passed     99.40%
 147  MFS-93     0.00%    passed     92.88%
 148  MFS-753    0.00%    passed     90.75%
 149  MFS-269    0.00%    passed     56.79%
 150  MFS-95     0.00%    passed     90.48%
 151  MFS-97     0.00%    passed     87.48%
 152  MFS-98     0.00%    passed     88.96%
 153  MFS-623    0.00%    passed     95.33%
 154  MFS-100    0.00%    passed     90.60%
 155  MFS-102    0.00%    passed     90.13%
 156  MFS-103    0.00%    passed     96.75%
 157  MFS-104    0.00%    passed     90.33%
 158  MFS-625    0.00%    passed     82.38%
 159  MFS-106    0.00%    passed     98.57%
 160  MFS-107    0.00%    passed     96.62%
 161  MFS-108    0.00%    passed     98.56%
 162  MFS-754    0.00%    passed     96.75%
 163  MFS-194    0.00%    passed     96.75%
 164  MFS-277    0.00%    passed     94.64%
 165  MFS-111    0.00%    passed     97.46%
 166  MFS-627    0.00%    passed     97.30%
 167  MFS-629    0.00%    passed     97.25%
 168  MFS-115    0.00%    passed     94.56%
 169  MFS-117    0.00%    passed     96.83%
 170  MFS-265    0.00%    passed     72.47%
 171  MFS-278    0.00%    passed     94.25%
 172  MFS-633    0.00%    passed     97.27%
 173  MFS-878    0.00%    passed     87.23%
 174  MFS-636    0.00%    passed     92.49%
 175  MFS-637    0.00%    passed     92.70%
 176  MFS-119    0.00%    passed     92.41%
 177  MFS-638    0.00%    passed     93.95%
 178  MFS-640    0.00%    passed     92.96%
 179  MFS-122    0.00%    passed     93.74%
 180  MFS-641    0.00%    passed     94.02%
 181  MFS-123    0.00%    passed     92.88%
 182  MFS-643    0.00%    passed     97.96%
 183  MFS-758    0.00%    passed     94.25%
 184  MFS-125    0.00%    passed     95.67%
 185  MFS-127    0.00%    passed     58.79%
 186  MFS-129    0.00%    passed     92.73%
 187  MFS-644    0.00%    passed     90.66%
 188  MFS-131    0.00%    passed     97.68%
 189  MFS-132    0.00%    passed     94.08%
 190  MFS-133    0.00%    passed     93.97%
 191  MFS-135    0.00%    passed     28.29%
 192  MFS-381    0.00%    passed     97.20%
 193  MFS-137    0.00%    passed     97.48%
 194  MFS-138    0.00%    passed     92.88%
 195  MFS-140    0.00%    passed     97.63%
 196  MFS-142    0.00%    passed     92.61%
 197  MFS-646    0.00%    passed     82.38%
 198  MFS-144    0.00%    passed     89.93%
 199  MFS-146    0.00%    passed     95.90%
 200  MFS-648    0.00%    passed     86.97%
 201  MFS-148    0.00%    passed     94.86%
 202  MFS-649    0.00%    passed     87.23%
 203  MFS-651    0.00%    passed     56.26%
 204  MFS-150    0.00%    passed     83.39%
 205  MFS-152    0.00%    passed     96.40%
 206  MFS-154    0.00%    passed     53.01%
 207  MFS-156    0.00%    passed     93.95%
 208  MFS-158    0.00%    passed     87.02%
 209  MFS-160    0.00%    passed     96.84%
 210  MFS-161    0.00%    passed     91.40%
 211  MFS-162    0.00%    passed     93.65%
 212  MFS-164    0.00%    passed     95.40%
 213  MFS-166    0.00%    passed     94.29%
 214  MFS-281    0.00%    passed     90.48%
 215  MFS-169    0.00%    passed     93.95%
 216  MFS-171    0.00%    passed     96.75%
 217  MFS-172    0.00%    passed     93.82%
 218  MFS-174    0.00%    passed     97.34%
 219  MFS-176    0.00%    passed     98.02%
 220  MFS-260    0.00%    passed     87.23%
 221  MFS-178    0.00%    passed     89.88%
 222  MFS-180    0.00%    passed     56.26%
 223  MFS-181    0.00%    passed     87.80%
 224  MFS-274    0.00%    passed     93.50%
 225  MFS-182    0.00%    passed     94.15%
 226  MFS-184    0.00%    passed     90.22%
 227  MFS-185    0.00%    passed     97.34%
 228  MFS-187    0.00%    passed     91.29%
 229  MFS-382    0.00%    passed     90.48%
 230  MFS-190    0.00%    passed     98.52%
 231  MFS-276    0.00%    passed     94.29%
 232  MFS-383    0.00%    passed     84.90%
 233  MFS-191    0.00%    passed     97.43%
 234  MFS-385    0.00%    passed     96.66%
 235  MFS-321    0.00%    passed     95.75%
 236  MFS-294    0.00%    passed     90.83%
 237  MFS-296    0.00%    passed     97.17%
 238  MFS-298    0.00%    passed     93.88%
 239  MFS-300    0.00%    passed     96.91%
 240  MFS-323    0.00%    passed     93.77%
 241  MFS-324    0.00%    passed     93.28%
 242  MFS-325    0.00%    passed     94.62%
 243  MFS-327    0.00%    passed     99.16%
 244  MFS-762    0.00%    passed     96.17%
 245  MFS-303    0.00%    passed     93.77%
 246  MFS-305    0.00%    passed     94.02%
 247  MFS-329    0.00%    passed     96.41%
 248  MFS-264    0.00%    passed     94.34%
 249  MFS-308    0.00%    passed     87.60%
 250  MFS-310    0.00%    passed     94.74%
 251  MFS-282    0.00%    passed     93.15%
 252  MFS-763    0.00%    passed     92.68%
 253  MFS-655    0.00%    passed     89.97%
 254  MFS-285    0.00%    passed     96.02%
 255  MFS-764    0.00%    passed     94.65%
 256  MFS-259    0.00%    passed     98.96%
 257  MFS-656    0.00%    passed     96.01%
 258  MFS-287    0.00%    passed     89.38%
 259  MFS-258    0.00%    passed     84.26%
 260  MFS-765    0.00%    passed     92.94%
 261  MFS-315    0.00%    passed     92.18%
 262  MFS-289    0.00%    passed     35.90%
 263  MFS-291    0.00%    passed     95.47%
 264  MFS-292    0.00%    passed     93.95%
 265  MFS-319    0.00%    passed     92.21%
 266  MFS-293    0.00%    passed     99.36%
 267  MFS-320    0.00%    passed     96.67%
 268  MFS-388    0.00%    passed     81.95%
 269  MFS-658    0.00%    passed     92.98%
 270  MFS-659    0.00%    passed     97.08%
 271  MFS-391    0.00%    passed     60.59%
 272  MFS-393    0.00%    passed     99.17%
 273  MFS-395    0.00%    passed     96.59%
 274  MFS-397    0.00%    passed     91.10%
 275  MFS-399    0.00%    passed     91.74%
 276  MFS-401    0.00%    passed     97.68%
 277  MFS-402    0.00%    passed     93.26%
 278  MFS-404    0.00%    passed     89.01%
 279  MFS-406    0.00%    passed     93.21%
 280  MFS-408    0.00%    passed     93.47%
 281  MFS-410    0.00%    passed     96.65%
 282  MFS-412    0.00%    passed     98.48%
 283  MFS-414    0.00%    passed     92.49%
 284  MFS-416    0.00%    passed     89.38%
 285  MFS-418    0.00%    passed     92.87%
 286  MFS-420    0.00%    passed     86.88%
 287  MFS-766    0.00%    passed     93.82%
 288  MFS-767    0.00%    passed     96.75%
 289  MFS-768    0.00%    passed     94.77%
 290  MFS-427    0.00%    passed     96.31%
 291  MFS-429    0.00%    passed     96.26%
 292  MFS-430    0.00%    passed     96.06%
 293  MFS-432    0.00%    passed     89.03%
 294  MFS-434    0.00%    passed     95.63%
 295  MFS-435    0.00%    passed     92.69%
 296  MFS-437    0.00%    passed     96.96%
 297  MFS-439    0.00%    passed     99.16%
 298  MFS-441    0.00%    passed     88.21%
 299  MFS-443    0.00%    passed     91.11%
 300  MFS-444    0.00%    passed     96.10%
 301  MFS-770    0.00%    passed     91.39%
 302  MFS-446    0.00%    passed     91.52%
 303  MFS-448    0.00%    passed     93.51%
 304  MFS-452    0.00%    passed     91.50%
 305  MFS-454    0.00%    passed     88.91%
 306  MFS-458    0.00%    passed     94.69%
 307  MFS-460    0.00%    passed     96.66%
 308  MFS-462    0.00%    passed     92.05%
 309  MFS-464    0.00%    passed     92.21%
 310  MFS-662    0.00%    passed     94.31%
 311  MFS-467    0.00%    passed     95.39%
 312  MFS-773    0.00%    passed     96.66%
 313  MFS-470    0.00%    passed     96.66%
 314  MFS-471    0.00%    passed     93.21%
 315  MFS-473    0.00%    passed     97.44%
 316  MFS-474    0.00%    passed     84.21%
 317  MFS-476    0.00%    passed     91.46%
 318  MFS-664    0.00%    passed     89.59%
 319  MFS-777    0.00%    passed     82.38%
 320  MFS-479    0.00%    passed     92.18%
 321  MFS-884    0.00%    passed     96.75%
 322  MFS-480    0.00%    passed     94.57%
 323  MFS-668    0.00%    passed     96.75%
 324  MFS-482    0.00%    passed     92.30%
 325  MFS-484    0.00%    passed     91.00%
 326  MFS-487    0.00%    passed     96.66%
 327  MFS-670    0.00%    passed     96.69%
 328  MFS-671    0.00%    passed     91.20%
 329  MFS-672    0.00%    passed     91.50%
 330  MFS-673    0.00%    passed     91.33%
 331  MFS-674    0.00%    passed     93.84%
 332  MFS-675    0.00%    passed     96.69%
 333  MFS-886    0.00%    passed     91.39%
 334  MFS-677    0.00%    passed     88.85%
 335  MFS-678    0.00%    passed     95.69%
 336  MFS-787    0.00%    passed     57.32%
 337  MFS-789    0.00%    passed     91.39%
 338  MFS-888    0.00%    passed     87.39%
 339  MFS-681    0.00%    passed     98.18%
 340  MFS-682    0.00%    passed     95.84%
 341  MFS-683    0.00%    passed     98.19%
 342  MFS-684    0.00%    passed     88.61%
 343  MFS-685    0.00%    passed     35.90%
 344  MFS-686    0.00%    passed     98.15%
 345  MFS-687    0.00%    passed     99.06%
 346  MFS-688    0.00%    passed     96.60%
 347  MFS-689    0.00%    passed     93.98%
 348  MFS-690    0.00%    passed     92.63%
 349  MFS-801    0.00%    passed     87.95%
 350  MFS-691    0.00%    passed     56.85%
 351  MFS-692    0.00%    passed     87.67%
 352  MFS-693    0.00%    passed     98.29%
 353  MFS-694    0.00%    passed     94.52%
 354  MFS-806    0.00%    passed     94.65%
 355  MFS-695    0.00%    passed     94.97%
 356  MFS-890    0.00%    passed     93.95%
 357  MFS-697    0.00%    passed     99.09%
 358  MFS-812    0.00%    passed     88.51%
 359  MFS-698    0.00%    passed     98.88%
 360  MFS-699    0.00%    passed     99.27%
 361  MFS-815    0.00%    passed     99.32%
 362  MFS-700    0.00%    passed     92.57%
 363  MFS-701    0.00%    passed     98.07%
 364  MFS-702    0.00%    passed     97.14%
 365  MFS-703    0.00%    passed     93.10%
 366  MFS-704    0.00%    passed     92.08%
 367  MFS-706    0.00%    passed     82.77%
 368  MFS-824    0.00%    passed     96.10%
 369  MFS-708    0.00%    passed     92.85%
 370  MFS-709    0.00%    passed     95.08%
 371  MFS-710    0.00%    passed     55.42%
 372  MFS-711    0.00%    passed     40.71%
 373  MFS-892    0.00%    passed     90.81%
 374  MFS-713    0.00%    passed     96.17%
 375  MFS-714    0.00%    passed     96.96%
 376  MFS-715    0.00%    passed     94.15%
 377  MFS-716    0.00%    passed     94.45%
 378  MFS-717    0.00%    passed     96.42%
 379  MFS-837    0.00%    passed     94.39%
 380  MFS-839    0.00%    passed     97.06%
 381  MFS-842    0.00%    passed     95.31%
 382  MFS-844    0.00%    passed     85.45%
 383  MFS-846    0.00%    passed     92.15%
 384  MFS-848    0.00%    passed     36.40%
 385  MFS-850    0.00%    passed     91.33%
 386  MFS-852    0.00%    passed     56.26%
 387  MFS-854    0.00%    passed     71.17%
 388  MFS-856    0.00%    passed     90.78%
 389  MFS-858    0.00%    passed     89.01%
 390  MFS-860    0.00%    passed     91.37%
 391  MFS-862    0.00%    passed     92.14%
 392  MFS-864    0.00%    passed     94.22%
 393  MFS-866    0.00%    passed     92.21%
 394  MFS-894    0.00%    passed     35.28%
 395  MFS-868    0.00%    passed     91.62%
****  TOTAL      0.00%  1 sequences failed composition chi2 test (p-value<5%; df=3)
NOTE: MFS-571 is identical to MFS-523 but kept for subsequent analysis
NOTE: MFS-176 is identical to MFS-13 but kept for subsequent analysis
NOTE: MFS-575 is identical to MFS-16 but kept for subsequent analysis
NOTE: MFS-633 is identical to MFS-28 but kept for subsequent analysis
NOTE: MFS-62 is identical to MFS-30 but kept for subsequent analysis
NOTE: MFS-583 is identical to MFS-41 but kept for subsequent analysis
NOTE: MFS-93 is identical to MFS-555 but kept for subsequent analysis
NOTE: MFS-274 is identical to MFS-54 but kept for subsequent analysis
NOTE: MFS-129 is identical to MFS-355 but kept for subsequent analysis
NOTE: MFS-868 is identical to MFS-58 but kept for subsequent analysis
NOTE: MFS-174 is identical to MFS-573 but kept for subsequent analysis
NOTE: MFS-590 is identical to MFS-741 but kept for subsequent analysis
NOTE: MFS-427 is identical to MFS-586 but kept for subsequent analysis
NOTE: MFS-452 is identical to MFS-64 but kept for subsequent analysis
NOTE: MFS-638 is identical to MFS-374 but kept for subsequent analysis
NOTE: MFS-125 is identical to MFS-81 but kept for subsequent analysis
NOTE: MFS-670 is identical to MFS-614 but kept for subsequent analysis
NOTE: MFS-103 is identical to MFS-617 but kept for subsequent analysis
NOTE: MFS-687 is identical to MFS-90 but kept for subsequent analysis
NOTE: MFS-646 is identical to MFS-625 but kept for subsequent analysis
NOTE: MFS-649 is identical to MFS-878 but kept for subsequent analysis
NOTE: MFS-414 is identical to MFS-636 but kept for subsequent analysis
NOTE: MFS-180 is identical to MFS-651 but kept for subsequent analysis
NOTE: MFS-382 is identical to MFS-281 but kept for subsequent analysis
NOTE: MFS-766 is identical to MFS-172 but kept for subsequent analysis
NOTE: MFS-460 is identical to MFS-385 but kept for subsequent analysis
NOTE: MFS-303 is identical to MFS-323 but kept for subsequent analysis
NOTE: MFS-439 is identical to MFS-327 but kept for subsequent analysis
NOTE: MFS-713 is identical to MFS-762 but kept for subsequent analysis
NOTE: MFS-685 is identical to MFS-289 but kept for subsequent analysis
NOTE: MFS-714 is identical to MFS-437 but kept for subsequent analysis
NOTE: MFS-824 is identical to MFS-444 but kept for subsequent analysis
NOTE: MFS-886 is identical to MFS-770 but kept for subsequent analysis
NOTE: 23 identical sequences (see below) will be ignored for subsequent analysis
NOTE: MFS-319 (identical to MFS-30) is ignored but added at the end
NOTE: MFS-464 (identical to MFS-30) is ignored but added at the end
NOTE: MFS-866 (identical to MFS-30) is ignored but added at the end
NOTE: MFS-321 (identical to MFS-41) is ignored but added at the end
NOTE: MFS-138 (identical to MFS-555) is ignored but added at the end
NOTE: MFS-156 (identical to MFS-374) is ignored but added at the end
NOTE: MFS-169 (identical to MFS-374) is ignored but added at the end
NOTE: MFS-292 (identical to MFS-374) is ignored but added at the end
NOTE: MFS-890 (identical to MFS-374) is ignored but added at the end
NOTE: MFS-675 (identical to MFS-614) is ignored but added at the end
NOTE: MFS-754 (identical to MFS-617) is ignored but added at the end
NOTE: MFS-194 (identical to MFS-617) is ignored but added at the end
NOTE: MFS-171 (identical to MFS-617) is ignored but added at the end
NOTE: MFS-767 (identical to MFS-617) is ignored but added at the end
NOTE: MFS-884 (identical to MFS-617) is ignored but added at the end
NOTE: MFS-668 (identical to MFS-617) is ignored but added at the end
NOTE: MFS-777 (identical to MFS-625) is ignored but added at the end
NOTE: MFS-260 (identical to MFS-878) is ignored but added at the end
NOTE: MFS-852 (identical to MFS-651) is ignored but added at the end
NOTE: MFS-773 (identical to MFS-385) is ignored but added at the end
NOTE: MFS-470 (identical to MFS-385) is ignored but added at the end
NOTE: MFS-487 (identical to MFS-385) is ignored but added at the end
NOTE: MFS-789 (identical to MFS-770) is ignored but added at the end
Alignment was printed to /home/sak0914/MtbLongitudinalDiversity/lowAF_variant_calling/data/trees/SNP_concatenate_filtered.fasta.uniqueseq.phy

For your convenience alignment with unique sequences printed to /home/sak0914/MtbLongitudinalDiversity/lowAF_variant_calling/data/trees/SNP_concatenate_filtered.fasta.uniqueseq.phy


Create initial parsimony tree by phylogenetic likelihood library (PLL)... 1.038 seconds
Perform fast likelihood tree search using GTR+ASC model...
Estimate model parameters (epsilon = 5.000)
Perform nearest neighbor interchange...
Estimate model parameters (epsilon = 1.000)
1. Initial log-likelihood: -105630.322
Optimal log-likelihood: -105630.298
Rate parameters:  A-C: 1.04121  A-G: 3.19352  A-T: 0.38078  C-G: 0.55858  C-T: 3.16177  G-T: 1.00000
Base frequencies:  A: 0.150  C: 0.346  G: 0.355  T: 0.149
Parameters optimization took 1 rounds (0.495 sec)
Time for fast ML tree search: 13.673 seconds

NOTE: ModelFinder requires 351 MB RAM!
ModelFinder will test up to 242 DNA models (sample size: 14049 epsilon: 0.100) ...
 No. Model         -LnL         df  AIC          AICc         BIC
  1  GTR+F+ASC     105630.296   749 212758.593   212843.073   218413.772
  2  GTR+F+ASC+G4  105608.097   750 212716.194   212800.906   218378.924
  3  GTR+F+ASC+R2  105197.576   751 211897.151   211982.096   217567.432
  4  GTR+F+ASC+R3  105187.104   753 211880.207   211965.617   217565.588
  5  GTR+F+ASC+R4  105185.523   755 211881.047   211966.923   217581.528
 14  SYM+ASC+R2    105282.504   748 212061.009   212145.257   217708.638
 15  SYM+ASC+R3    105265.326   750 212030.651   212115.363   217693.381
 25  TVM+F+ASC+R2  105251.803   750 212003.605   212088.317   217666.335
 26  TVM+F+ASC+R3  105232.482   752 211968.965   212054.142   217646.795
 36  TVMe+ASC+R2   105311.943   747 212117.886   212201.903   217757.965
 37  TVMe+ASC+R3   105288.274   749 212074.548   212159.028   217729.727
 47  TIM3+F+ASC+R2 105536.357   749 212570.714   212655.194   218225.894
 48  TIM3+F+ASC+R3 105517.940   751 212537.881   212622.825   218208.161
 58  TIM3e+ASC+R2  105844.391   746 213180.781   213264.568   218813.310
 59  TIM3e+ASC+R3  105818.912   748 213133.824   213218.072   218781.453
 69  TIM2+F+ASC+R2 105535.848   749 212569.696   212654.176   218224.876
 70  TIM2+F+ASC+R3 105508.133   751 212518.266   212603.210   218188.546
 80  TIM2e+ASC+R2  105865.378   746 213222.757   213306.543   218855.285
 81  TIM2e+ASC+R3  105842.836   748 213181.672   213265.920   218829.301
 91  TIM+F+ASC+R2  105289.345   749 212076.689   212161.169   217731.869
 92  TIM+F+ASC+R3  105271.418   751 212044.837   212129.781   217715.117
102  TIMe+ASC+R2   106087.232   746 213666.464   213750.250   219298.992
103  TIMe+ASC+R3   106063.987   748 213623.973   213708.222   219271.602
113  TPM3u+F+ASC+R2 105549.090   748 212594.181   212678.429   218241.810
114  TPM3u+F+ASC+R3 105525.953   750 212551.906   212636.618   218214.636
124  TPM3+ASC+R2   105850.864   745 213191.728   213275.284   218816.706
125  TPM3+ASC+R3   105828.649   747 213151.299   213235.316   218791.378
135  TPM2u+F+ASC+R2 105539.330   748 212574.660   212658.908   218222.289
136  TPM2u+F+ASC+R3 105517.127   750 212534.254   212618.966   218196.984
146  TPM2+ASC+R2   105869.316   745 213228.633   213312.188   218853.611
147  TPM2+ASC+R3   105847.765   747 213189.531   213273.548   218829.610
157  K3Pu+F+ASC+R2 105289.465   748 212074.930   212159.179   217722.560
158  K3Pu+F+ASC+R3 105280.969   750 212061.939   212146.650   217724.668
168  K3P+ASC+R2    106086.918   745 213663.836   213747.391   219288.814
169  K3P+ASC+R3    106069.796   747 213633.592   213717.609   219273.671
179  TN+F+ASC+R2   105558.515   748 212613.029   212697.277   218260.658
180  TN+F+ASC+R3   105542.930   750 212585.859   212670.571   218248.589
190  TNe+ASC+R2    106154.927   745 213799.853   213883.409   219424.832
191  TNe+ASC+R3    106130.771   747 213755.542   213839.559   219395.621
201  HKY+F+ASC+R2  105570.898   747 212635.796   212719.813   218275.875
202  HKY+F+ASC+R3  105544.874   749 212587.749   212672.229   218242.928
212  K2P+ASC+R2    106157.159   744 213802.318   213885.643   219419.746
213  K2P+ASC+R3    106132.628   746 213757.255   213841.041   219389.784
223  F81+F+ASC+R2  109290.350   746 220072.701   220156.487   225705.229
224  F81+F+ASC+R3  109268.288   748 220032.576   220116.825   225680.206
234  JC+ASC+R2     109024.724   743 219535.448   219618.544   225145.326
235  JC+ASC+R3     108998.843   745 219487.686   219571.242   225112.664
Akaike Information Criterion:           GTR+F+ASC+R3
Corrected Akaike Information Criterion: GTR+F+ASC+R3
Bayesian Information Criterion:         GTR+F+ASC+R3
Best-fit model: GTR+F+ASC+R3 chosen according to BIC

All model information printed to /home/sak0914/MtbLongitudinalDiversity/lowAF_variant_calling/data/trees/SNP_concatenate_filtered.fasta.model.gz
CPU time for ModelFinder: 180.108 seconds (0h:3m:0s)
Wall-clock time for ModelFinder: 240.844 seconds (0h:4m:0s)

NOTE: 105 MB RAM (0 GB) is required!
Estimate model parameters (epsilon = 0.100)
1. Initial log-likelihood: -109269.380
2. Current log-likelihood: -105265.130
Optimal log-likelihood: -105265.128
Rate parameters:  A-C: 1.03857  A-G: 3.18565  A-T: 0.37575  C-G: 0.56364  C-T: 3.16151  G-T: 1.00000
Base frequencies:  A: 0.150  C: 0.346  G: 0.355  T: 0.149
Site proportion and rates:  (0.722,0.881) (0.277,0.937) (0.001,122.621)
Parameters optimization took 2 rounds (3.332 sec)
Wrote distance file to... 
Computing ML distances based on estimated model parameters...
Calculating distance matrix: done in 0.592574 secs using 99.48% CPU
Computing ML distances took 0.597472 sec (of wall-clock time) 0.592862 sec (of CPU time)
Setting up auxiliary I and S matrices: done in 0.0158782 secs using 93.18% CPU
Computing RapidNJ tree took 0.040224 sec (of wall-clock time) 0.038725 sec (of CPU time)
Log-likelihood of RapidNJ tree: -105476.101
--------------------------------------------------------------------
|             INITIALIZING CANDIDATE TREE SET                      |
--------------------------------------------------------------------
Generating 98 parsimony trees... 53.320 second
Computing log-likelihood of 98 initial trees ... 19.479 seconds
Current best score: -105265.120

Do NNI search on 20 best initial trees
Estimate model parameters (epsilon = 0.100)
BETTER TREE FOUND at iteration 1: -105265.116
Iteration 10 / LogL: -105339.847 / Time: 0h:7m:27s
Iteration 20 / LogL: -105340.023 / Time: 0h:9m:53s
Finish initializing candidate tree set (20)
Current best tree score: -105265.116 / CPU time: 342.118
Number of iterations: 20
--------------------------------------------------------------------
|               OPTIMIZING CANDIDATE TREE SET                      |
--------------------------------------------------------------------
Iteration 30 / LogL: -105404.683 / Time: 0h:10m:49s (0h:16m:39s left)
Iteration 40 / LogL: -105363.155 / Time: 0h:11m:40s (0h:11m:58s left)
Iteration 50 / LogL: -105381.303 / Time: 0h:12m:39s (0h:8m:59s left)
Iteration 60 / LogL: -105427.316 / Time: 0h:13m:40s (0h:6m:42s left)
Iteration 70 / LogL: -105370.137 / Time: 0h:14m:33s (0h:4m:44s left)
Iteration 80 / LogL: -105366.701 / Time: 0h:15m:30s (0h:3m:3s left)
Iteration 90 / LogL: -105364.167 / Time: 0h:16m:21s (0h:1m:31s left)
Iteration 100 / LogL: -106079.359 / Time: 0h:17m:11s (0h:0m:7s left)
TREE SEARCH COMPLETED AFTER 102 ITERATIONS / Time: 0h:17m:28s

--------------------------------------------------------------------
|                    FINALIZING TREE SEARCH                        |
--------------------------------------------------------------------
Performs final model parameters optimization
Estimate model parameters (epsilon = 0.010)
1. Initial log-likelihood: -105265.105
Optimal log-likelihood: -105265.105
Rate parameters:  A-C: 1.03890  A-G: 3.18507  A-T: 0.37595  C-G: 0.56373  C-T: 3.16122  G-T: 1.00000
Base frequencies:  A: 0.150  C: 0.346  G: 0.355  T: 0.149
Site proportion and rates:  (0.722,0.884) (0.277,0.932) (0.001,121.915)
Parameters optimization took 1 rounds (0.896 sec)
BEST SCORE FOUND : -105265.105

Testing tree branches by aBayes parametric test...
0.450 sec.
Collapsing near-zero internal branches... 272 collapsed
Total tree length: 0.004

Total number of iterations: 102
CPU time used for tree search: 781.472 sec (0h:13m:1s)
Wall-clock time used for tree search: 796.770 sec (0h:13m:16s)
Total CPU time used: 973.389 sec (0h:16m:13s)
Total wall-clock time used: 1049.694 sec (0h:17m:29s)

Analysis results written to: 
  IQ-TREE report:                /home/sak0914/MtbLongitudinalDiversity/lowAF_variant_calling/data/trees/SNP_concatenate_filtered.fasta.iqtree
  Maximum-likelihood tree:       /home/sak0914/MtbLongitudinalDiversity/lowAF_variant_calling/data/trees/SNP_concatenate_filtered.fasta.treefile
  Likelihood distances:          /home/sak0914/MtbLongitudinalDiversity/lowAF_variant_calling/data/trees/SNP_concatenate_filtered.fasta.mldist
  Screen log file:               /home/sak0914/MtbLongitudinalDiversity/lowAF_variant_calling/data/trees/SNP_concatenate_filtered.fasta.log

Date and Time: Thu Dec 11 08:36:18 2025
